// Jest Snapshot v1, https://goo.gl/fbAQLP

exports[`<Header /> should render a div 1`] = `
<div
  class="sc-htpNat kDSLmS"
>
  <div>
    <a
      class="sc-bdVaJa fraHot"
      href="/"
    >
      <span>
        Movie search
      </span>
    </a>
    <a
      class="sc-bdVaJa fraHot"
      href="/my"
    >
      <span>
        My Movies
      </span>
    </a>
  </div>
  <div
    class="sc-bwzfXH fBygPc"
  >
    <div
      class="Dropdown-root"
    >
      <div
        aria-haspopup="listbox"
        class="Dropdown-control"
      >
        <div
          class="Dropdown-placeholder is-selected"
        >
          en
        </div>
        <div
          class="Dropdown-arrow-wrapper"
        >
          <span
            class="Dropdown-arrow"
          />
        </div>
      </div>
    </div>
  </div>
</div>
`;
